#-----------------------------------------------------------
# Vivado v2023.1 (64-bit)
# SW Build 3865809 on Sun May  7 15:04:56 MDT 2023
# IP Build 3864474 on Sun May  7 20:36:21 MDT 2023
# SharedData Build 3865790 on Sun May 07 13:33:03 MDT 2023
# Start of session at: Wed Jan  8 11:05:43 2025
# Process ID: 215449
# Current directory: /home/kavya/Desktop/git_kavya/verilog-ethernet/example/AX7203_ARTIX7/fpga/fpga/fpga.runs/synth_1
# Command line: vivado -log fpga.vds -product Vivado -mode batch -messageDb vivado.pb -notrace -source fpga.tcl
# Log file: /home/kavya/Desktop/git_kavya/verilog-ethernet/example/AX7203_ARTIX7/fpga/fpga/fpga.runs/synth_1/fpga.vds
# Journal file: /home/kavya/Desktop/git_kavya/verilog-ethernet/example/AX7203_ARTIX7/fpga/fpga/fpga.runs/synth_1/vivado.jou
# Running On: kavya-Precision-Tower-5810, OS: Linux, CPU Frequency: 1197.369 MHz, CPU Physical cores: 12, Host memory: 67345 MB
#-----------------------------------------------------------
source fpga.tcl -notrace
